// Jest Snapshot v1, https://goo.gl/fbAQLP

exports[`Search component should render as expected 1`] = `
<div
  className="search-bar"
>
  <input
    onChange={[Function]}
    placeholder="Search"
    value=""
  />
</div>
`;
 