// Jest Snapshot v1, https://goo.gl/fbAQLP

exports[`App component should render as expected 1`] = `
<div>
  <SearchBar
    onSearchTermChange={[Function]}
  />
  <VideoInfo
    video={null}
  />
  <VideoList
    onVideoSelect={[Function]}
    videos={Array []}
  />
</div>
`;
